artifacts/bb/20260425-rfc9000-bootstrap-replay-ack-piggyback/bdn/hpp-20260425-144131.log:479: trailing whitespace.
+Job=Dry  IterationCount=1  LaunchCount=1
artifacts/bb/20260425-rfc9000-bootstrap-replay-ack-piggyback/bdn/hpp-20260425-144131.log:480: trailing whitespace.
+RunStrategy=ColdStart  UnrollFactor=1  WarmupCount=1
artifacts/bb/20260425-rfc9000-bootstrap-replay-ack-piggyback/bdn/hpp-20260425-144212.log:1035: trailing whitespace.
+Job=ShortRun  IterationCount=3  LaunchCount=1
artifacts/bb/20260425-rfc9000-bootstrap-replay-ack-piggyback/bdn/hpp-20260425-144212.log:1036: trailing whitespace.
+WarmupCount=3
artifacts/bb/20260425-rfc9000-bootstrap-replay-ack-piggyback/bdn/results/hpp-report-github.md:9: trailing whitespace.
+Job=ShortRun  IterationCount=3  LaunchCount=1
artifacts/bb/20260425-rfc9000-bootstrap-replay-ack-piggyback/bdn/results/hpp-report-github.md:10: trailing whitespace.
+WarmupCount=3
artifacts/bb/20260425-rfc9000-bootstrap-replay-ack-piggyback/bdn/results/hpp-report.html:22: trailing whitespace.
+<pre><code>Job=ShortRun  IterationCount=3  LaunchCount=1
artifacts/bb/20260425-rfc9000-bootstrap-replay-ack-piggyback/bdn/results/hpp-report.html:23: trailing whitespace.
+WarmupCount=3
artifacts/bb/20260425-rfc9000-bootstrap-replay-ack-piggyback/bootstrap-replay-ack-piggyback-benchmark-dry.log:489: trailing whitespace.
+Job=Dry  IterationCount=1  LaunchCount=1
artifacts/bb/20260425-rfc9000-bootstrap-replay-ack-piggyback/bootstrap-replay-ack-piggyback-benchmark-dry.log:490: trailing whitespace.
+RunStrategy=ColdStart  UnrollFactor=1  WarmupCount=1
artifacts/bb/20260425-rfc9000-bootstrap-replay-ack-piggyback/bootstrap-replay-ack-piggyback-benchmark-short.log:1045: trailing whitespace.
+Job=ShortRun  IterationCount=3  LaunchCount=1
artifacts/bb/20260425-rfc9000-bootstrap-replay-ack-piggyback/bootstrap-replay-ack-piggyback-benchmark-short.log:1046: trailing whitespace.
+WarmupCount=3
artifacts/v/20260425-rfc9000-bootstrap-replay-ack-piggyback/spec-trace-validate.log:8689: new blank line at EOF.
